******************************************************************************
                  TI ARM Linker PC v20.2.7                     
******************************************************************************
>> Linked Mon Aug 28 02:40:36 2023

OUTPUT FILE NAME:   <Drivers2.out>
ENTRY POINT SYMBOL: "_c_int00_noargs"  address: 00001119


MEMORY CONFIGURATION

         name            origin    length      used     unused   attr    fill
----------------------  --------  ---------  --------  --------  ----  --------
  FLASH                 00000000   00040000  000011a2  0003ee5e  R  X
  SRAM                  20000000   00008000  000002a6  00007d5a  RW X


SEGMENT ALLOCATION MAP

run origin  load origin   length   init length attrs members
----------  ----------- ---------- ----------- ----- -------
00000000    00000000    000011a4   000011a4    r-x
  00000000    00000000    0000026c   0000026c    r-- .intvecs
  0000026c    0000026c    00000f1a   00000f1a    r-x .text
  00001186    00001186    00000008   00000008    r-- .const
  00001190    00001190    00000014   00000014    r-- .cinit
20000000    20000000    000002a6   00000000    rw-
  20000000    20000000    00000200   00000000    rw- .stack
  20000200    20000200    000000a6   00000000    rw- .bss


SECTION ALLOCATION MAP

 output                                  attributes/
section   page    origin      length       input sections
--------  ----  ----------  ----------   ----------------
.intvecs   0    00000000    0000026c     
                  00000000    0000026c     tm4c123gh6pm_startup_ccs.obj (.intvecs)

.text      0    0000026c    00000f1a     
                  0000026c    00000498     Stopwatch.obj (.text)
                  00000704    000003b0     Interrupt_Handlers.obj (.text)
                  00000ab4    00000254     GPIO_CTRL.obj (.text)
                  00000d08    000001e0     LCD.obj (.text)
                  00000ee8    000000d8     GPIO_Interrupts.obj (.text)
                  00000fc0    000000cc     NVIC.obj (.text)
                  0000108c    00000046     Delay.obj (.text)
                  000010d2    00000002     --HOLE-- [fill = 0]
                  000010d4    00000044     rtsv7M4_T_le_v4SPD16_eabi.lib : autoinit.c.obj (.text:__TI_auto_init_nobinit_nopinit:__TI_auto_init_nobinit_nopinit)
                  00001118    00000034                                   : boot_cortex_m.c.obj (.text:_c_int00_noargs:_c_int00_noargs)
                  0000114c    0000001c                                   : copy_zero_init.c.obj (.text:decompress:ZI:__TI_zero_init_nomemset:__TI_zero_init_nomemset)
                  00001168    0000000c     tm4c123gh6pm_startup_ccs.obj (.text)
                  00001174    0000000a     main.obj (.text)
                  0000117e    00000004     rtsv7M4_T_le_v4SPD16_eabi.lib : pre_init.c.obj (.text:_system_pre_init)
                  00001182    00000004                                   : exit.c.obj (.text:abort:abort)

.const     0    00001186    00000008     
                  00001186    00000005     Stopwatch.obj (.const:$P$T0$1)
                  0000118b    00000003     Stopwatch.obj (.const:$P$T1$2)

.cinit     0    00001190    00000014     
                  00001190    00000008     (.cinit..bss.load) [load image, compression = zero_init]
                  00001198    00000004     (__TI_handler_table)
                  0000119c    00000008     (__TI_cinit_table)

.init_array 
*          0    00000000    00000000     UNINITIALIZED

.bss       0    20000200    000000a6     UNINITIALIZED
                  20000200    00000060     (.common:ptr_Timer)
                  20000260    00000018     (.common:ptr_GPIO)
                  20000278    00000008     Stopwatch.obj (.bss:Arr)
                  20000280    00000008     Stopwatch.obj (.bss:Lap1)
                  20000288    00000008     Stopwatch.obj (.bss:Lap2)
                  20000290    00000008     Stopwatch.obj (.bss:Lap3)
                  20000298    00000003     Stopwatch.obj (.bss:lap1)
                  2000029b    00000003     Stopwatch.obj (.bss:lap2)
                  2000029e    00000003     Stopwatch.obj (.bss:lap3)
                  200002a1    00000003     Stopwatch.obj (.bss:time)
                  200002a4    00000002     Stopwatch.obj (.bss)

.stack     0    20000000    00000200     UNINITIALIZED
                  20000000    00000004     rtsv7M4_T_le_v4SPD16_eabi.lib : boot_cortex_m.c.obj (.stack)
                  20000004    000001fc     --HOLE--

__llvm_prf_cnts 
*          0    20000000    00000000     UNINITIALIZED

MODULE SUMMARY

       Module                         code   ro data   rw data
       ------                         ----   -------   -------
    .\
       tm4c123gh6pm_startup_ccs.obj   12     620       0      
       main.obj                       10     0         120    
    +--+------------------------------+------+---------+---------+
       Total:                         22     620       120    
                                                              
    .\Applications\Stopwatch\
       Stopwatch.obj                  1176   8         46     
    +--+------------------------------+------+---------+---------+
       Total:                         1176   8         46     
                                                              
    .\HAL\LCD\
       LCD.obj                        480    0         0      
    +--+------------------------------+------+---------+---------+
       Total:                         480    0         0      
                                                              
    .\MCAL\GPIO_Drivers\
       GPIO_CTRL.obj                  596    0         0      
       GPIO_Interrupts.obj            216    0         0      
    +--+------------------------------+------+---------+---------+
       Total:                         812    0         0      
                                                              
    .\MCAL\Interrupts\
       Interrupt_Handlers.obj         944    0         0      
       NVIC.obj                       204    0         0      
    +--+------------------------------+------+---------+---------+
       Total:                         1148   0         0      
                                                              
    .\UTILS\
       Delay.obj                      70     0         0      
    +--+------------------------------+------+---------+---------+
       Total:                         70     0         0      
                                                              
    C:\ti\ccs1230\ccs\tools\compiler\ti-cgt-arm_20.2.7.LTS\lib\rtsv7M4_T_le_v4SPD16_eabi.lib
       autoinit.c.obj                 68     0         0      
       boot_cortex_m.c.obj            52     0         0      
       copy_zero_init.c.obj           28     0         0      
       exit.c.obj                     4      0         0      
       pre_init.c.obj                 4      0         0      
    +--+------------------------------+------+---------+---------+
       Total:                         156    0         0      
                                                              
       Stack:                         0      0         512    
       Linker Generated:              0      20        0      
    +--+------------------------------+------+---------+---------+
       Grand Total:                   3864   648       678    


LINKER GENERATED COPY TABLES

__TI_cinit_table @ 0000119c records: 1, size/record: 8, table size: 8
	.bss: load addr=00001190, load size=00000008 bytes, run addr=20000200, run size=000000a6 bytes, compression=zero_init


LINKER GENERATED HANDLER TABLE

__TI_handler_table @ 00001198 records: 1, size/record: 4, table size: 4
	index: 0, handler: __TI_zero_init


GLOBAL SYMBOLS: SORTED ALPHABETICALLY BY Name 

address   name                          
-------   ----                          
00001183  C$$EXIT                       
00000705  Default_GPIO_IRQ_Handler      
0000108d  Delay_ms                      
000010b5  Delay_us                      
0000070f  GPIOA_IRQ_Handler             
0000072d  GPIOB_IRQ_Handler             
0000074b  GPIOC_IRQ_Handler             
00000769  GPIOD_IRQ_Handler             
00000787  GPIOE_IRQ_Handler             
000007a5  GPIOF_IRQ_Handler             
00000659  GPIOF_IRQ_Handler_Callback    
00000c5f  GPIO_Clock_Init               
00000ab5  GPIO_Init                     
00000fa9  GPIO_Int_Register             
00000ee9  GPIO_Interrupt_Init           
00000ce1  GPIO_Read                     
00000cc1  GPIO_Toggle                   
00000c77  GPIO_Write                    
00000ca1  GPIO_Write_Pins               
00000d09  LCD_Init                      
00000df1  LCD_Send_Command              
00000d2b  LCD_Send_Data                 
00000eb7  LCD_Send_String               
0000051d  Lap                           
00000fc1  NVIC_Enable                   
00001067  NVIC_Set_Priority             
00001169  ResetISR                      
00000621  SYSTick_Handler               
0000026d  Stopwatch_Init                
00000295  Stopwatch_Reset               
000007c3  Timer0_A_IRQ_Handler          
000007d9  Timer0_B_IRQ_Handler          
000007ef  Timer1_A_IRQ_Handler          
00000805  Timer1_B_IRQ_Handler          
0000081b  Timer2_A_IRQ_Handler          
00000831  Timer2_B_IRQ_Handler          
00000847  Timer3_A_IRQ_Handler          
0000085d  Timer3_B_IRQ_Handler          
00000873  Timer4_A_IRQ_Handler          
00000889  Timer4_B_IRQ_Handler          
0000089f  Timer5_A_IRQ_Handler          
000008b5  Timer5_B_IRQ_Handler          
20000200  __STACK_END                   
00000200  __STACK_SIZE                  
20000200  __STACK_TOP                   
0000119c  __TI_CINIT_Base               
000011a4  __TI_CINIT_Limit              
00001198  __TI_Handler_Table_Base       
0000119c  __TI_Handler_Table_Limit      
000010d5  __TI_auto_init_nobinit_nopinit
ffffffff  __TI_pprof_out_hndl           
ffffffff  __TI_prof_data_size           
ffffffff  __TI_prof_data_start          
00000000  __TI_static_base__            
0000114d  __TI_zero_init_nomemset       
ffffffff  __binit__                     
ffffffff  __c_args__                    
UNDEFED   __mpu_init                    
20000000  __stack                       
20000000  __start___llvm_prf_cnts       
20000000  __stop___llvm_prf_cnts        
00001119  _c_int00_noargs               
UNDEFED   _system_post_cinit            
0000117f  _system_pre_init              
00001183  abort                         
ffffffff  binit                         
00000000  g_pfnVectors                  
00001175  main                          
20000260  ptr_GPIO                      
20000200  ptr_Timer                     
000008cb  wTimer0_A_IRQ_Handler         
000008e1  wTimer0_B_IRQ_Handler         
000008f7  wTimer1_A_IRQ_Handler         
0000090d  wTimer1_B_IRQ_Handler         
00000923  wTimer2_A_IRQ_Handler         
00000939  wTimer2_B_IRQ_Handler         
0000094f  wTimer3_A_IRQ_Handler         
00000965  wTimer3_B_IRQ_Handler         
0000097b  wTimer4_A_IRQ_Handler         
00000991  wTimer4_B_IRQ_Handler         
000009a7  wTimer5_A_IRQ_Handler         
000009bd  wTimer5_B_IRQ_Handler         


GLOBAL SYMBOLS: SORTED BY Symbol Address 

address   name                          
-------   ----                          
00000000  __TI_static_base__            
00000000  g_pfnVectors                  
00000200  __STACK_SIZE                  
0000026d  Stopwatch_Init                
00000295  Stopwatch_Reset               
0000051d  Lap                           
00000621  SYSTick_Handler               
00000659  GPIOF_IRQ_Handler_Callback    
00000705  Default_GPIO_IRQ_Handler      
0000070f  GPIOA_IRQ_Handler             
0000072d  GPIOB_IRQ_Handler             
0000074b  GPIOC_IRQ_Handler             
00000769  GPIOD_IRQ_Handler             
00000787  GPIOE_IRQ_Handler             
000007a5  GPIOF_IRQ_Handler             
000007c3  Timer0_A_IRQ_Handler          
000007d9  Timer0_B_IRQ_Handler          
000007ef  Timer1_A_IRQ_Handler          
00000805  Timer1_B_IRQ_Handler          
0000081b  Timer2_A_IRQ_Handler          
00000831  Timer2_B_IRQ_Handler          
00000847  Timer3_A_IRQ_Handler          
0000085d  Timer3_B_IRQ_Handler          
00000873  Timer4_A_IRQ_Handler          
00000889  Timer4_B_IRQ_Handler          
0000089f  Timer5_A_IRQ_Handler          
000008b5  Timer5_B_IRQ_Handler          
000008cb  wTimer0_A_IRQ_Handler         
000008e1  wTimer0_B_IRQ_Handler         
000008f7  wTimer1_A_IRQ_Handler         
0000090d  wTimer1_B_IRQ_Handler         
00000923  wTimer2_A_IRQ_Handler         
00000939  wTimer2_B_IRQ_Handler         
0000094f  wTimer3_A_IRQ_Handler         
00000965  wTimer3_B_IRQ_Handler         
0000097b  wTimer4_A_IRQ_Handler         
00000991  wTimer4_B_IRQ_Handler         
000009a7  wTimer5_A_IRQ_Handler         
000009bd  wTimer5_B_IRQ_Handler         
00000ab5  GPIO_Init                     
00000c5f  GPIO_Clock_Init               
00000c77  GPIO_Write                    
00000ca1  GPIO_Write_Pins               
00000cc1  GPIO_Toggle                   
00000ce1  GPIO_Read                     
00000d09  LCD_Init                      
00000d2b  LCD_Send_Data                 
00000df1  LCD_Send_Command              
00000eb7  LCD_Send_String               
00000ee9  GPIO_Interrupt_Init           
00000fa9  GPIO_Int_Register             
00000fc1  NVIC_Enable                   
00001067  NVIC_Set_Priority             
0000108d  Delay_ms                      
000010b5  Delay_us                      
000010d5  __TI_auto_init_nobinit_nopinit
00001119  _c_int00_noargs               
0000114d  __TI_zero_init_nomemset       
00001169  ResetISR                      
00001175  main                          
0000117f  _system_pre_init              
00001183  C$$EXIT                       
00001183  abort                         
00001198  __TI_Handler_Table_Base       
0000119c  __TI_CINIT_Base               
0000119c  __TI_Handler_Table_Limit      
000011a4  __TI_CINIT_Limit              
20000000  __stack                       
20000000  __start___llvm_prf_cnts       
20000000  __stop___llvm_prf_cnts        
20000200  __STACK_END                   
20000200  __STACK_TOP                   
20000200  ptr_Timer                     
20000260  ptr_GPIO                      
ffffffff  __TI_pprof_out_hndl           
ffffffff  __TI_prof_data_size           
ffffffff  __TI_prof_data_start          
ffffffff  __binit__                     
ffffffff  __c_args__                    
ffffffff  binit                         
UNDEFED   __mpu_init                    
UNDEFED   _system_post_cinit            

[82 symbols]
