******************************************************************************
                  TI ARM Linker PC v20.2.7                     
******************************************************************************
>> Linked Thu Aug 24 10:59:11 2023

OUTPUT FILE NAME:   <Drivers.out>
ENTRY POINT SYMBOL: "_c_int00_noargs"  address: 00001725


MEMORY CONFIGURATION

         name            origin    length      used     unused   attr    fill
----------------------  --------  ---------  --------  --------  ----  --------
  FLASH                 00000000   00040000  00001a2e  0003e5d2  R  X
  SRAM                  20000000   00008000  000002a7  00007d59  RW X


SEGMENT ALLOCATION MAP

run origin  load origin   length   init length attrs members
----------  ----------- ---------- ----------- ----- -------
00000000    00000000    00001a30   00001a30    r-x
  00000000    00000000    0000026c   0000026c    r-- .intvecs
  0000026c    0000026c    0000152a   0000152a    r-x .text
  00001798    00001798    00000258   00000258    r-- .const
  000019f0    000019f0    00000040   00000040    r-- .cinit
20000000    20000000    000002a7   00000000    rw-
  20000000    20000000    00000200   00000000    rw- .stack
  20000200    20000200    0000008f   00000000    rw- .bss
  2000028f    2000028f    00000018   00000000    rw- .data


SECTION ALLOCATION MAP

 output                                  attributes/
section   page    origin      length       input sections
--------  ----  ----------  ----------   ----------------
.intvecs   0    00000000    0000026c     
                  00000000    0000026c     tm4c123gh6pm_startup_ccs.obj (.intvecs)

.text      0    0000026c    0000152a     
                  0000026c    000006c8     Calculator.obj (.text)
                  00000934    000004c8     GPIO_INT.obj (.text)
                  00000dfc    000003bc     GPIO_CTL.obj (.text)
                  000011b8    00000154     Keypad.obj (.text)
                  0000130c    0000013c     LCD.obj (.text)
                  00001448    000000ec     main.obj (.text)
                  00001534    000000a8     Delay.obj (.text)
                  000015dc    0000009c     rtsv7M4_T_le_v4SPD16_eabi.lib : memcpy_t2.asm.obj (.text)
                  00001678    00000068                                   : copy_decompress_lzss.c.obj (.text:decompress:lzss:__TI_decompress_lzss)
                  000016e0    00000044                                   : autoinit.c.obj (.text:__TI_auto_init_nobinit_nopinit:__TI_auto_init_nobinit_nopinit)
                  00001724    00000034                                   : boot_cortex_m.c.obj (.text:_c_int00_noargs:_c_int00_noargs)
                  00001758    0000001c                                   : copy_zero_init.c.obj (.text:decompress:ZI:__TI_zero_init_nomemset:__TI_zero_init_nomemset)
                  00001774    0000000e                                   : copy_decompress_none.c.obj (.text:decompress:none:__TI_decompress_none)
                  00001782    0000000c     tm4c123gh6pm_startup_ccs.obj (.text)
                  0000178e    00000004     rtsv7M4_T_le_v4SPD16_eabi.lib : pre_init.c.obj (.text:_system_pre_init)
                  00001792    00000004                                   : exit.c.obj (.text:abort:abort)

.const     0    00001798    00000258     
                  00001798    00000258     GPIO_CTL.obj (.const:Ports)

.cinit     0    000019f0    00000040     
                  000019f0    00000019     (.cinit..data.load) [load image, compression = lzss]
                  00001a09    00000003     --HOLE-- [fill = 0]
                  00001a0c    0000000c     (__TI_handler_table)
                  00001a18    00000008     (.cinit..bss.load) [load image, compression = zero_init]
                  00001a20    00000010     (__TI_cinit_table)

.init_array 
*          0    00000000    00000000     UNINITIALIZED

.bss       0    20000200    0000008f     UNINITIALIZED
                  20000200    00000050     (.common:Operands)
                  20000250    00000014     (.common:Operators)
                  20000264    00000014     (.common:Pressed_Buttons)
                  20000278    00000014     (.common:Result)
                  2000028c    00000001     (.common:Operands_Count)
                  2000028d    00000001     (.common:Operators_Count)
                  2000028e    00000001     (.common:Result_Size)

.data      0    2000028f    00000018     UNINITIALIZED
                  2000028f    00000010     Keypad.obj (.data:Keypad_Matrix)
                  2000029f    00000006     GPIO_CTL.obj (.data:PORT_CLOCK_FLAG)
                  200002a5    00000002     Keypad.obj (.data)

.stack     0    20000000    00000200     UNINITIALIZED
                  20000000    00000004     rtsv7M4_T_le_v4SPD16_eabi.lib : boot_cortex_m.c.obj (.stack)
                  20000004    000001fc     --HOLE--

__llvm_prf_cnts 
*          0    20000000    00000000     UNINITIALIZED

MODULE SUMMARY

       Module                         code   ro data   rw data
       ------                         ----   -------   -------
    .\
       Calculator.obj                 1736   0         123    
       tm4c123gh6pm_startup_ccs.obj   12     620       0      
       main.obj                       236    0         0      
    +--+------------------------------+------+---------+---------+
       Total:                         1984   620       123    
                                                              
    .\Keypad\
       Keypad.obj                     340    0         38     
    +--+------------------------------+------+---------+---------+
       Total:                         340    0         38     
                                                              
    .\LCD\
       LCD.obj                        316    0         0      
    +--+------------------------------+------+---------+---------+
       Total:                         316    0         0      
                                                              
    .\MCAL\GPIO_Drivers\
       GPIO_CTL.obj                   956    600       6      
       GPIO_INT.obj                   1224   0         0      
    +--+------------------------------+------+---------+---------+
       Total:                         2180   600       6      
                                                              
    .\UTILS\
       Delay.obj                      168    0         0      
    +--+------------------------------+------+---------+---------+
       Total:                         168    0         0      
                                                              
    C:\ti\ccs1230\ccs\tools\compiler\ti-cgt-arm_20.2.7.LTS\lib\rtsv7M4_T_le_v4SPD16_eabi.lib
       memcpy_t2.asm.obj              156    0         0      
       copy_decompress_lzss.c.obj     104    0         0      
       autoinit.c.obj                 68     0         0      
       boot_cortex_m.c.obj            52     0         0      
       copy_zero_init.c.obj           28     0         0      
       copy_decompress_none.c.obj     14     0         0      
       exit.c.obj                     4      0         0      
       pre_init.c.obj                 4      0         0      
    +--+------------------------------+------+---------+---------+
       Total:                         430    0         0      
                                                              
       Stack:                         0      0         512    
       Linker Generated:              0      61        0      
    +--+------------------------------+------+---------+---------+
       Grand Total:                   5418   1281      679    


LINKER GENERATED COPY TABLES

__TI_cinit_table @ 00001a20 records: 2, size/record: 8, table size: 16
	.data: load addr=000019f0, load size=00000019 bytes, run addr=2000028f, run size=00000018 bytes, compression=lzss
	.bss: load addr=00001a18, load size=00000008 bytes, run addr=20000200, run size=0000008f bytes, compression=zero_init


LINKER GENERATED HANDLER TABLE

__TI_handler_table @ 00001a0c records: 3, size/record: 4, table size: 12
	index: 0, handler: __TI_decompress_lzss
	index: 1, handler: __TI_decompress_none
	index: 2, handler: __TI_zero_init


GLOBAL SYMBOLS: SORTED ALPHABETICALLY BY Name 

address   name                          
-------   ----                          
200002a5  Button_Count                  
00001793  C$$EXIT                       
000002ad  Calculator                    
0000077d  Clear_Data                    
00001535  Delay                         
00001587  Delay_Micro                   
0000059d  Filter_Input                  
00001229  GPIOC_Handler                 
00000dfd  GPIO_Init                     
00000b81  GPIO_InterruptDisable         
00000935  GPIO_InterruptInit            
00000d35  GPIO_NVIC_Disable             
00000c65  GPIO_NVIC_Enable              
0000115b  GPIO_Port_Enable              
000010b7  GPIO_Read                     
00001101  GPIO_Toggle                   
0000101b  GPIO_Write                    
00001093  GPIO_Write_Port               
000011b9  Keypad_Init                   
2000028f  Keypad_Matrix                 
0000130d  LCD_Init                      
20000200  Operands                      
2000028c  Operands_Count                
20000250  Operators                     
2000028d  Operators_Count               
00001798  Ports                         
20000264  Pressed_Buttons               
00001783  ResetISR                      
20000278  Result                        
2000028e  Result_Size                   
00001331  Send_Command                  
000013a7  Send_Data                     
0000141d  Send_String                   
000004b7  Sort_Operands                 
00000529  Sort_Operators                
000011cb  Start                         
20000200  __STACK_END                   
00000200  __STACK_SIZE                  
20000200  __STACK_TOP                   
00001a20  __TI_CINIT_Base               
00001a30  __TI_CINIT_Limit              
00001a0c  __TI_Handler_Table_Base       
00001a18  __TI_Handler_Table_Limit      
000016e1  __TI_auto_init_nobinit_nopinit
00001679  __TI_decompress_lzss          
00001775  __TI_decompress_none          
ffffffff  __TI_pprof_out_hndl           
ffffffff  __TI_prof_data_size           
ffffffff  __TI_prof_data_start          
00000000  __TI_static_base__            
00001759  __TI_zero_init_nomemset       
000015dd  __aeabi_memcpy                
000015dd  __aeabi_memcpy4               
000015dd  __aeabi_memcpy8               
ffffffff  __binit__                     
ffffffff  __c_args__                    
UNDEFED   __mpu_init                    
20000000  __stack                       
20000000  __start___llvm_prf_cnts       
20000000  __stop___llvm_prf_cnts        
00001725  _c_int00_noargs               
UNDEFED   _system_post_cinit            
0000178f  _system_pre_init              
00001793  abort                         
0000026d  app                           
ffffffff  binit                         
200002a6  flag                          
00000000  g_pfnVectors                  
00001449  main                          
000015dd  memcpy                        
00000845  toString                      


GLOBAL SYMBOLS: SORTED BY Symbol Address 

address   name                          
-------   ----                          
00000000  __TI_static_base__            
00000000  g_pfnVectors                  
00000200  __STACK_SIZE                  
0000026d  app                           
000002ad  Calculator                    
000004b7  Sort_Operands                 
00000529  Sort_Operators                
0000059d  Filter_Input                  
0000077d  Clear_Data                    
00000845  toString                      
00000935  GPIO_InterruptInit            
00000b81  GPIO_InterruptDisable         
00000c65  GPIO_NVIC_Enable              
00000d35  GPIO_NVIC_Disable             
00000dfd  GPIO_Init                     
0000101b  GPIO_Write                    
00001093  GPIO_Write_Port               
000010b7  GPIO_Read                     
00001101  GPIO_Toggle                   
0000115b  GPIO_Port_Enable              
000011b9  Keypad_Init                   
000011cb  Start                         
00001229  GPIOC_Handler                 
0000130d  LCD_Init                      
00001331  Send_Command                  
000013a7  Send_Data                     
0000141d  Send_String                   
00001449  main                          
00001535  Delay                         
00001587  Delay_Micro                   
000015dd  __aeabi_memcpy                
000015dd  __aeabi_memcpy4               
000015dd  __aeabi_memcpy8               
000015dd  memcpy                        
00001679  __TI_decompress_lzss          
000016e1  __TI_auto_init_nobinit_nopinit
00001725  _c_int00_noargs               
00001759  __TI_zero_init_nomemset       
00001775  __TI_decompress_none          
00001783  ResetISR                      
0000178f  _system_pre_init              
00001793  C$$EXIT                       
00001793  abort                         
00001798  Ports                         
00001a0c  __TI_Handler_Table_Base       
00001a18  __TI_Handler_Table_Limit      
00001a20  __TI_CINIT_Base               
00001a30  __TI_CINIT_Limit              
20000000  __stack                       
20000000  __start___llvm_prf_cnts       
20000000  __stop___llvm_prf_cnts        
20000200  Operands                      
20000200  __STACK_END                   
20000200  __STACK_TOP                   
20000250  Operators                     
20000264  Pressed_Buttons               
20000278  Result                        
2000028c  Operands_Count                
2000028d  Operators_Count               
2000028e  Result_Size                   
2000028f  Keypad_Matrix                 
200002a5  Button_Count                  
200002a6  flag                          
ffffffff  __TI_pprof_out_hndl           
ffffffff  __TI_prof_data_size           
ffffffff  __TI_prof_data_start          
ffffffff  __binit__                     
ffffffff  __c_args__                    
ffffffff  binit                         
UNDEFED   __mpu_init                    
UNDEFED   _system_post_cinit            

[71 symbols]
